# Maps the cpu to kernel modules that are not auto-detected.
#
# vendor       , family      , model  , kernel_modules
# AMD
# AuthenticAMD ,             ,        ,
# Intel
  GenuineIntel , 6           , 14     , coretemp
  GenuineIntel , 6           , 15     , coretemp
  GenuineIntel , 6           , 22     , coretemp
  GenuineIntel , 6           , 23     , coretemp
  GenuineIntel , 6           , 26     , coretemp
#  GenuineIntel , 6           , 28     , coretemp #disable as conflicting with 83627ehf on 330PRO 
  GenuineIntel , 6           , 30     , coretemp
  GenuineIntel , 6           , 42     , coretemp
  GenuineIntel , 6           , 55     , coretemp
  GenuineIntel , 6           , 58     , coretemp
  GenuineIntel , 6           , 60     , coretemp
  GenuineIntel , 6           , 69     , coretemp
  GenuineIntel , 6           , 70     , coretemp
  GenuineIntel , 6           , 71     , coretemp
  GenuineIntel , 6           , 76     , coretemp
  GenuineIntel , 6           , 78     , coretemp
  GenuineIntel , 6           , 92     , coretemp
  GenuineIntel , 6           , 94     , coretemp
  GenuineIntel , 6           , 102    , coretemp
  GenuineIntel , 6           , 122    , coretemp
  GenuineIntel , 6           , 125    , coretemp
  GenuineIntel , 6           , 126    , coretemp
  GenuineIntel , 6           , 132    , coretemp
  GenuineIntel , 6           , 142    , coretemp
  GenuineIntel , 6           , 158    , coretemp
# VIA
# CentaurHauls ,             ,        ,
